0 verbose cli /opt/plesk/node/20/bin/node /opt/plesk/node/20/bin/npm
1 info using npm@10.8.2
2 info using node@v20.18.1
3 silly config load:file:/opt/plesk/node/20/lib/node_modules/npm/npmrc
4 silly config load:file:/var/www/vhosts/oryx.kz/oryx.kz/.npmrc
5 silly config load:file:/var/www/vhosts/oryx.kz/.npmrc
6 silly config load:file:/opt/plesk/node/20/etc/npmrc
7 verbose title npm run build
8 verbose argv "run" "build"
9 verbose logfile logs-max:10 dir:/var/www/vhosts/oryx.kz/.npm/_logs/2024-12-30T08_57_25_536Z-
10 verbose logfile /var/www/vhosts/oryx.kz/.npm/_logs/2024-12-30T08_57_25_536Z-debug-0.log
11 silly logfile start cleaning logs, removing 1 files
12 silly logfile done cleaning log files
13 http fetch GET 200 https://registry.npmjs.org/npm 421ms
14 verbose cwd /var/www/vhosts/oryx.kz/oryx.kz
15 verbose os Linux 4.18.0-513.24.1.lve.2.el8.x86_64
16 verbose node v20.18.1
17 verbose npm  v10.8.2
18 notice
18 notice New major version of npm available! 10.8.2 -> 11.0.0
18 notice Changelog: https://github.com/npm/cli/releases/tag/v11.0.0
18 notice To update run: npm install -g npm@11.0.0
18 notice  { force: true, [Symbol(proc-log.meta)]: true }
19 verbose exit 0
20 info ok
